Microchip Technology Inc, v1.26 (A)

Tool Name:
  /Applications/microchip/xc16/v1.26/bin/bin/../bin/elf-ld

Command:
  -p24FV16KM202 \
  -o \
  dist/XC16_24FJ256GA110/debug/Projet_M1.debug.elf \
  -L/Applications/microchip/xc16/v1.26/bin/bin/.. \
  -L/Applications/microchip/xc16/v1.26/bin/bin/../../lib \
  -L/Applications/microchip/xc16/v1.26/bin/bin/../../support/PIC24E/gld \
  -L/Applications/microchip/xc16/v1.26/bin/bin/../../support/PIC24F/gld \
  -L/Applications/microchip/xc16/v1.26/bin/bin/../../support/PIC24H/gld \
  -L/Applications/microchip/xc16/v1.26/bin/bin/../../support/dsPIC30F/gld \
  -L/Applications/microchip/xc16/v1.26/bin/bin/../../support/dsPIC33E/gld \
  -L/Applications/microchip/xc16/v1.26/bin/bin/../../support/dsPIC33F/gld \
  build/XC16_24FJ256GA110/debug/configuration_bits.o \
  build/XC16_24FJ256GA110/debug/interrupts.o \
  build/XC16_24FJ256GA110/debug/main.o \
  build/XC16_24FJ256GA110/debug/system.o \
  build/XC16_24FJ256GA110/debug/traps.o \
  build/XC16_24FJ256GA110/debug/user.o \
  build/XC16_24FJ256GA110/debug/motorControl.o \
  build/XC16_24FJ256GA110/debug/lcd.o \
  build/XC16_24FJ256GA110/debug/i2c.o \
  --defsym=__MPLAB_BUILD=1 \
  --defsym=__MPLAB_DEBUG=1 \
  --defsym=__DEBUG=1 \
  --defsym=__MPLAB_DEBUGGER_SIMULATOR=1 \
  -Tp24FV16KM202.gld.00 \
  --stack=16 \
  --check-sections \
  --data-init \
  --pack-data \
  --handles \
  --isr \
  --no-gc-sections \
  --fill-upper=0 \
  --stackguard=16 \
  --no-force-link \
  --smart-io \
  -Map=dist/XC16_24FJ256GA110/debug/Projet_M1.debug.map \
  --report-mem \
  --memorysummary \
  dist/XC16_24FJ256GA110/debug/memoryfile.xml \
  -start-group \
  --library=pic30-elf \
  --library=m-elf \
  --library=c-elf \
  -end-group \


Optional library libpPIC24Fxxx.a not found
Archive member included because of file (symbol)

/Applications/microchip/xc16/v1.26/bin/bin/../../lib/libpic30-elf.a(crt0_standard.o)
                              (__resetPRI)
/Applications/microchip/xc16/v1.26/bin/bin/../../lib/libpic30-elf.a(data_init_standard.o)
                              /Applications/microchip/xc16/v1.26/bin/bin/../../lib/libpic30-elf.a(crt0_standard.o) (__data_init_standard)
/Applications/microchip/xc16/v1.26/bin/bin/../../lib/libpic30-elf.a(delay32.eo)
                              build/XC16_24FJ256GA110/debug/main.o (___delay32)
/Applications/microchip/xc16/v1.26/bin/bin/../../lib/libm-elf.a(divsf3.eo)
                              build/XC16_24FJ256GA110/debug/user.o (___divsf3)
/Applications/microchip/xc16/v1.26/bin/bin/../../lib/libm-elf.a(floatunsisf.eo)
                              build/XC16_24FJ256GA110/debug/user.o (___floatunsisf)
/Applications/microchip/xc16/v1.26/bin/bin/../../lib/libm-elf.a(fpack.eo)
                              /Applications/microchip/xc16/v1.26/bin/bin/../../lib/libm-elf.a(divsf3.eo) (__fpack)
/Applications/microchip/xc16/v1.26/bin/bin/../../lib/libm-elf.a(funpack2.eo)
                              /Applications/microchip/xc16/v1.26/bin/bin/../../lib/libm-elf.a(divsf3.eo) (__funpack2)
/Applications/microchip/xc16/v1.26/bin/bin/../../lib/libm-elf.a(futil.eo)
                              /Applications/microchip/xc16/v1.26/bin/bin/../../lib/libm-elf.a(divsf3.eo) (__fPropagateNaN)
/Applications/microchip/xc16/v1.26/bin/bin/../../lib/libm-elf.a(mulsf3.eo)
                              build/XC16_24FJ256GA110/debug/user.o (___mulsf3)
/Applications/microchip/xc16/v1.26/bin/bin/../../lib/libm-elf.a(floatundisf.eo)
                              /Applications/microchip/xc16/v1.26/bin/bin/../../lib/libm-elf.a(floatunsisf.eo) (___floatundisf)
/Applications/microchip/xc16/v1.26/bin/bin/../../lib/libm-elf.a(funpack.eo)
                              /Applications/microchip/xc16/v1.26/bin/bin/../../lib/libm-elf.a(funpack2.eo) (__funpack)
/Applications/microchip/xc16/v1.26/bin/bin/../../lib/libc-elf.a(memset.eo)
                              build/XC16_24FJ256GA110/debug/main.o (_memset)
/Applications/microchip/xc16/v1.26/bin/bin/../../lib/libc-elf.a(sprintf_fF.XXeo)
                              build/XC16_24FJ256GA110/debug/user.o (__sprintf_fF)
/Applications/microchip/xc16/v1.26/bin/bin/../../lib/libc-elf.a(doprnt_fF.XXeo)
                              /Applications/microchip/xc16/v1.26/bin/bin/../../lib/libc-elf.a(sprintf_fF.XXeo) (__vfprintf_fF)
/Applications/microchip/xc16/v1.26/bin/bin/../../lib/libc-elf.a(fputc.eo)
                              /Applications/microchip/xc16/v1.26/bin/bin/../../lib/libc-elf.a(doprnt_fF.XXeo) (_fputc)
/Applications/microchip/xc16/v1.26/bin/bin/../../lib/libc-elf.a(powers.eo)
                              /Applications/microchip/xc16/v1.26/bin/bin/../../lib/libc-elf.a(doprnt_fF.XXeo) (__powers_)
/Applications/microchip/xc16/v1.26/bin/bin/../../lib/libc-elf.a(_iob.eo)
                              /Applications/microchip/xc16/v1.26/bin/bin/../../lib/libc-elf.a(fputc.eo) (__outdone)
/Applications/microchip/xc16/v1.26/bin/bin/../../lib/libc-elf.a(flsbuf.eo)
                              /Applications/microchip/xc16/v1.26/bin/bin/../../lib/libc-elf.a(fputc.eo) (__flsbuf)
/Applications/microchip/xc16/v1.26/bin/bin/../../lib/libpic30-elf.a(write.eo)
                              /Applications/microchip/xc16/v1.26/bin/bin/../../lib/libc-elf.a(fputc.eo) (_write)
/Applications/microchip/xc16/v1.26/bin/bin/../../lib/libpic30-elf.a(c30_uart.eo)
                              /Applications/microchip/xc16/v1.26/bin/bin/../../lib/libpic30-elf.a(write.eo) (___C30_UART)
/Applications/microchip/xc16/v1.26/bin/bin/../../lib/libm-elf.a(adddf3.eo)
                              /Applications/microchip/xc16/v1.26/bin/bin/../../lib/libc-elf.a(doprnt_fF.XXeo) (___adddf3)
/Applications/microchip/xc16/v1.26/bin/bin/../../lib/libm-elf.a(deqltle.eo)
                              /Applications/microchip/xc16/v1.26/bin/bin/../../lib/libc-elf.a(doprnt_fF.XXeo) (___ltdf2)
/Applications/microchip/xc16/v1.26/bin/bin/../../lib/libm-elf.a(dgtge.eo)
                              /Applications/microchip/xc16/v1.26/bin/bin/../../lib/libc-elf.a(doprnt_fF.XXeo) (___gedf2)
/Applications/microchip/xc16/v1.26/bin/bin/../../lib/libm-elf.a(divdf3.eo)
                              /Applications/microchip/xc16/v1.26/bin/bin/../../lib/libc-elf.a(doprnt_fF.XXeo) (___divdf3)
/Applications/microchip/xc16/v1.26/bin/bin/../../lib/libm-elf.a(dne.eo)
                              /Applications/microchip/xc16/v1.26/bin/bin/../../lib/libc-elf.a(doprnt_fF.XXeo) (___nedf2)
/Applications/microchip/xc16/v1.26/bin/bin/../../lib/libm-elf.a(dpack.eo)
                              /Applications/microchip/xc16/v1.26/bin/bin/../../lib/libm-elf.a(adddf3.eo) (__dpack)
/Applications/microchip/xc16/v1.26/bin/bin/../../lib/libm-elf.a(dunpack2.eo)
                              /Applications/microchip/xc16/v1.26/bin/bin/../../lib/libm-elf.a(adddf3.eo) (__dunpack2)
/Applications/microchip/xc16/v1.26/bin/bin/../../lib/libm-elf.a(extendsfdf.eo)
                              /Applications/microchip/xc16/v1.26/bin/bin/../../lib/libc-elf.a(doprnt_fF.XXeo) (___extendsfdf2)
/Applications/microchip/xc16/v1.26/bin/bin/../../lib/libm-elf.a(fixunsdfdi.eo)
                              /Applications/microchip/xc16/v1.26/bin/bin/../../lib/libc-elf.a(doprnt_fF.XXeo) (___fixunsdfdi)
/Applications/microchip/xc16/v1.26/bin/bin/../../lib/libm-elf.a(floatundidf.eo)
                              /Applications/microchip/xc16/v1.26/bin/bin/../../lib/libc-elf.a(doprnt_fF.XXeo) (___floatundidf)
/Applications/microchip/xc16/v1.26/bin/bin/../../lib/libm-elf.a(frexp.eo)
                              /Applications/microchip/xc16/v1.26/bin/bin/../../lib/libc-elf.a(doprnt_fF.XXeo) (_frexpl)
/Applications/microchip/xc16/v1.26/bin/bin/../../lib/libm-elf.a(muldf3.eo)
                              /Applications/microchip/xc16/v1.26/bin/bin/../../lib/libc-elf.a(doprnt_fF.XXeo) (___muldf3)
/Applications/microchip/xc16/v1.26/bin/bin/../../lib/libm-elf.a(subdf3.eo)
                              /Applications/microchip/xc16/v1.26/bin/bin/../../lib/libc-elf.a(doprnt_fF.XXeo) (___subdf3)
/Applications/microchip/xc16/v1.26/bin/bin/../../lib/libm-elf.a(udivsi3.eo)
                              /Applications/microchip/xc16/v1.26/bin/bin/../../lib/libc-elf.a(doprnt_fF.XXeo) (___udivsi3)
/Applications/microchip/xc16/v1.26/bin/bin/../../lib/libm-elf.a(mulsi3.eo)
                              /Applications/microchip/xc16/v1.26/bin/bin/../../lib/libc-elf.a(doprnt_fF.XXeo) (___mulsi3)
/Applications/microchip/xc16/v1.26/bin/bin/../../lib/libm-elf.a(divmoddi3.eo)
                              /Applications/microchip/xc16/v1.26/bin/bin/../../lib/libc-elf.a(doprnt_fF.XXeo) (___udivdi3)
/Applications/microchip/xc16/v1.26/bin/bin/../../lib/libm-elf.a(muldi3.eo)
                              /Applications/microchip/xc16/v1.26/bin/bin/../../lib/libc-elf.a(doprnt_fF.XXeo) (___muldi3)
/Applications/microchip/xc16/v1.26/bin/bin/../../lib/libm-elf.a(dcompare.eo)
                              /Applications/microchip/xc16/v1.26/bin/bin/../../lib/libm-elf.a(deqltle.eo) (__dcompare)
/Applications/microchip/xc16/v1.26/bin/bin/../../lib/libm-elf.a(dpropagateNaN.eo)
                              /Applications/microchip/xc16/v1.26/bin/bin/../../lib/libm-elf.a(dunpack2.eo) (__dPropagateNaN)
/Applications/microchip/xc16/v1.26/bin/bin/../../lib/libm-elf.a(dtype.eo)
                              /Applications/microchip/xc16/v1.26/bin/bin/../../lib/libm-elf.a(dcompare.eo) (__dtype)
/Applications/microchip/xc16/v1.26/bin/bin/../../lib/libm-elf.a(dunpack.eo)
                              /Applications/microchip/xc16/v1.26/bin/bin/../../lib/libm-elf.a(dunpack2.eo) (__dunpack)
/Applications/microchip/xc16/v1.26/bin/bin/../../lib/libm-elf.a(umuldi3.eo)
                              /Applications/microchip/xc16/v1.26/bin/bin/../../lib/libm-elf.a(muldi3.eo) (___umuldi3)


Selected CodeGuard Options:
  FGS:GWRP:OFF
  FGS:GCP:OFF
  FBS:BWRP:OFF
  FBS:BSS:OFF

CodeGuard FLASH Memory:
  boot    (none)
  secure  (none)
  general 0x200 to 0x2bfe

CodeGuard RAM Memory:
  general 0x800 to 0xfff
  secure  (none)
  boot    (none)

CodeGuard EEPROM Memory:
  general 0x7ffe00 to 0x7fffff
  secure  (none)
  boot    (none)


xc16-ld 1.26 (A)

Program Memory  [Origin = 0x200, Length = 0x2a00]

section                    address   length (PC units)   length (bytes) (dec)
-------                    -------   -----------------   --------------------
.text                        0x200              0x1808          0x240c  (9228)
.const                      0x1a08                0x20            0x30  (48)
.text                       0x1a28               0x406           0x609  (1545)
.dinit                      0x1e2e               0x1aa           0x27f  (639)
.text                       0x1fd8               0x11a           0x1a7  (423)
.init.delay32               0x20f2                0x1c            0x2a  (42)
.text                       0x210e                 0x6             0x9  (9)
.shared.dinit               0x2114                 0x2             0x3  (3)

                 Total program memory used (bytes):         0x2ea1  (11937) 74%


Ivt Memory  [Origin = 0x4, Length = 0xfc]

section                    address   length (PC units)   length (bytes) (dec)
-------                    -------   -----------------   --------------------
.ivt._OscillatorFail           0x6                 0x2             0x3  (3)
.ivt._AddressError             0x8                 0x2             0x3  (3)
.ivt._StackError               0xa                 0x2             0x3  (3)
.ivt._MathError                0xc                 0x2             0x3  (3)


Data Memory  [Origin = 0x800, Length = 0x800]

section                    address      alignment gaps    total length  (dec)
-------                    -------      --------------    -------------------
.nbss                        0x800                   0             0x2  (2)
.data                        0x802                   0           0x23e  (574)
.bss                         0xa40                   0             0x6  (6)
.data                        0xa46                   0             0x2  (2)

                 Total data memory used (bytes):          0x248  (584) 28%


Dynamic Memory Usage

region                     address                      maximum length  (dec)
------                     -------                      ---------------------
heap                             0                                   0  (0)
stack                        0xa48                               0x5b8  (1464)

                 Maximum dynamic memory (bytes):          0x5b8  (1464)


External Symbols in Data Memory (by address):

                    0x0802                  __powers_
                    0x08b2                  __npowers_
                    0x0a1a                  __iob
                    0x0a3e                  __Files
                    0x0a40                  __outdone
                    0x0a41                  __sibuf
                    0x0a43                  __sobuf
                    0x0a46                  ___C30_UART

External Symbols in Data Memory (by name):

                    0x0a3e                  __Files
                    0x0a46                  ___C30_UART
                    0x0a1a                  __iob
                    0x08b2                  __npowers_
                    0x0a40                  __outdone
                    0x0802                  __powers_
                    0x0a41                  __sibuf
                    0x0a43                  __sobuf

External Symbols in Program Memory (by address):

                  0x000200                  __resetPRI
                  0x00022c                  __psv_init
                  0x00023c                  __data_init
                  0x00023c                  __data_init_standard
                  0x0002a8                  __OscillatorFail
                  0x0002ae                  __AddressError
                  0x0002b4                  __StackError
                  0x0002ba                  __MathError
                  0x0002c0                  __DefaultInterrupt
                  0x000320                  ___divsf3
                  0x0003a4                  ___floatunsisf
                  0x0003a8                  __fpack
                  0x0003f4                  __funpack2
                  0x000404                  __fPropagateNaN
                  0x000416                  __fbopExit
                  0x00041e                  __fbopReturnNaN
                  0x000424                  ___mulsf3
                  0x00048c                  ___floatundisf
                  0x0004ea                  __funpack
                  0x000514                  _memset
                  0x000522                  __sprintf_fF
                  0x0006de                  __vfprintf_fF
                  0x0011ee                  ___adddf3
                  0x0012e8                  ___ledf2
                  0x0012e8                  ___eqdf2
                  0x0012e8                  ___ltdf2
                  0x0012f2                  ___gedf2
                  0x0012f2                  ___gtdf2
                  0x0012fc                  ___divdf3
                  0x0013b0                  ___nedf2
                  0x0013ba                  __dpack
                  0x001412                  __dunpack2
                  0x001434                  __dreturnNaN
                  0x00143a                  __dunpack2exit
                  0x001444                  ___extendsfdf2
                  0x001482                  ___fixunsdfdi
                  0x0014e4                  ___floatundidf
                  0x00153a                  _frexp
                  0x00153a                  _frexpl
                  0x001574                  ___muldf3
                  0x00165e                  ___subdf3
                  0x001662                  ___udivsi3
                  0x001682                  ___mulp32peds3
                  0x001682                  ___mulsi3
                  0x001682                  ___mulp32eds3
                  0x0016da                  ___udivmoddi3
                  0x0017c0                  ___udivdi3
                  0x0017ce                  ___umoddi3
                  0x0017d6                  ___divdi3
                  0x001836                  ___moddi3
                  0x001892                  ___muldi3
                  0x0018e4                  __dcompare
                  0x001936                  __dPropagateNaN
                  0x001952                  __dtype
                  0x001976                  __dunpack
                  0x0019c4                  ___umuldi3
                  0x001a28                  _InitGPIO
                  0x001a62                  _InitADC
                  0x001a72                  _ObjectDetection
                  0x001ae8                  _StartADC
                  0x001bba                  _DisplayADCIR
                  0x001bea                  _InitPWM
                  0x001c40                  _LcdInit
                  0x001c96                  _LcdWriteCtrl
                  0x001d22                  _LcdWriteData
                  0x001dae                  _LcdClear
                  0x001dbe                  _LcdPuts
                  0x001de8                  _LcdPutch
                  0x001df4                  _LcdGoto
                  0x001e16                  _LcdOnOff
                  0x001fd8                  _main
                  0x002060                  _MoveForward
                  0x002096                  _MoveBackward
                  0x0020cc                  _I2cStart
                  0x0020d4                  _I2cStop
                  0x0020da                  _I2cInit
                  0x0020f2                  ___delay32
                  0x00210e                  _ConfigureOscillator
                  0xf80000                  __FBS.sec
                  0xf80004                  __FGS.sec

External Symbols in Program Memory (by name):

                  0x00210e                  _ConfigureOscillator
                  0x001bba                  _DisplayADCIR
                  0x0020da                  _I2cInit
                  0x0020cc                  _I2cStart
                  0x0020d4                  _I2cStop
                  0x001a62                  _InitADC
                  0x001a28                  _InitGPIO
                  0x001bea                  _InitPWM
                  0x001dae                  _LcdClear
                  0x001df4                  _LcdGoto
                  0x001c40                  _LcdInit
                  0x001e16                  _LcdOnOff
                  0x001de8                  _LcdPutch
                  0x001dbe                  _LcdPuts
                  0x001c96                  _LcdWriteCtrl
                  0x001d22                  _LcdWriteData
                  0x002096                  _MoveBackward
                  0x002060                  _MoveForward
                  0x001a72                  _ObjectDetection
                  0x001ae8                  _StartADC
                  0x0002ae                  __AddressError
                  0x0002c0                  __DefaultInterrupt
                  0xf80000                  __FBS.sec
                  0xf80004                  __FGS.sec
                  0x0002ba                  __MathError
                  0x0002a8                  __OscillatorFail
                  0x0002b4                  __StackError
                  0x0011ee                  ___adddf3
                  0x0020f2                  ___delay32
                  0x0012fc                  ___divdf3
                  0x0017d6                  ___divdi3
                  0x000320                  ___divsf3
                  0x0012e8                  ___eqdf2
                  0x001444                  ___extendsfdf2
                  0x001482                  ___fixunsdfdi
                  0x0014e4                  ___floatundidf
                  0x00048c                  ___floatundisf
                  0x0003a4                  ___floatunsisf
                  0x0012f2                  ___gedf2
                  0x0012f2                  ___gtdf2
                  0x0012e8                  ___ledf2
                  0x0012e8                  ___ltdf2
                  0x001836                  ___moddi3
                  0x001574                  ___muldf3
                  0x001892                  ___muldi3
                  0x001682                  ___mulp32eds3
                  0x001682                  ___mulp32peds3
                  0x000424                  ___mulsf3
                  0x001682                  ___mulsi3
                  0x0013b0                  ___nedf2
                  0x00165e                  ___subdf3
                  0x0017c0                  ___udivdi3
                  0x0016da                  ___udivmoddi3
                  0x001662                  ___udivsi3
                  0x0017ce                  ___umoddi3
                  0x0019c4                  ___umuldi3
                  0x001936                  __dPropagateNaN
                  0x00023c                  __data_init
                  0x00023c                  __data_init_standard
                  0x0018e4                  __dcompare
                  0x0013ba                  __dpack
                  0x001434                  __dreturnNaN
                  0x001952                  __dtype
                  0x001976                  __dunpack
                  0x001412                  __dunpack2
                  0x00143a                  __dunpack2exit
                  0x000404                  __fPropagateNaN
                  0x000416                  __fbopExit
                  0x00041e                  __fbopReturnNaN
                  0x0003a8                  __fpack
                  0x0004ea                  __funpack
                  0x0003f4                  __funpack2
                  0x00022c                  __psv_init
                  0x000200                  __resetPRI
                  0x000522                  __sprintf_fF
                  0x0006de                  __vfprintf_fF
                  0x00153a                  _frexp
                  0x00153a                  _frexpl
                  0x001fd8                  _main
                  0x000514                  _memset

Memory Configuration

Name             Origin             Length             Attributes
data             0x000800           0x000800           a !xr
reset            0x000000           0x000004  
ivt              0x000004           0x0000fc  
_reserved        0x000100           0x000004  
aivt             0x000104           0x0000fc  
program          0x000200           0x002a00           xr
eedata           0x7ffe00           0x000200  
FBS              0xf80000           0x000002  
FGS              0xf80004           0x000002  
FOSCSEL          0xf80006           0x000002  
FOSC             0xf80008           0x000002  
FWDT             0xf8000a           0x000002  
FPOR             0xf8000c           0x000002  
FICD             0xf8000e           0x000002  
*default*        0x000000           0xffffffff  

Linker script and memory map

LOAD build/XC16_24FJ256GA110/debug/configuration_bits.o
LOAD build/XC16_24FJ256GA110/debug/interrupts.o
LOAD build/XC16_24FJ256GA110/debug/main.o
LOAD build/XC16_24FJ256GA110/debug/system.o
LOAD build/XC16_24FJ256GA110/debug/traps.o
LOAD build/XC16_24FJ256GA110/debug/user.o
LOAD build/XC16_24FJ256GA110/debug/motorControl.o
LOAD build/XC16_24FJ256GA110/debug/lcd.o
LOAD build/XC16_24FJ256GA110/debug/i2c.o
                    0x0001                  __MPLAB_BUILD = 0x1
                    0x0001                  __MPLAB_DEBUG = 0x1
                    0x0001                  __DEBUG = 0x1
                    0x0001                  __MPLAB_DEBUGGER_SIMULATOR = 0x1
LOAD pPIC24Fxxx
LOAD /Applications/microchip/xc16/v1.26/bin/bin/../../lib/libfx-elf.a
                    0xf80000                  __FBS = 0xf80000
                    0xf80004                  __FGS = 0xf80004
                    0xf80006                  __FOSCSEL = 0xf80006
                    0xf80008                  __FOSC = 0xf80008
                    0xf8000a                  __FWDT = 0xf8000a
                    0xf8000c                  __FPOR = 0xf8000c
                    0xf8000e                  __FICD = 0xf8000e
                    0x0001                  __NO_HANDLES = 0x1
                    0x0200                  __CODE_BASE = 0x200
                    0x2a00                  __CODE_LENGTH = 0x2a00
                    0x0004                  __IVT_BASE = 0x4
                    0x0104                  __AIVT_BASE = 0x104
                    0x0800                  __DATA_BASE = 0x800
                    0x0800                  __DATA_LENGTH = 0x800

.reset            0x000000          0x4
                  0x000000          0x2 SHORT 0x200 ABSOLUTE (__reset)
                  0x000001          0x2 SHORT 0x4
                  0x000002          0x2 SHORT 0x0 ((ABSOLUTE (__reset) >> 0x10) & 0x7f)
                  0x000003          0x2 SHORT 0x0

.text             0x000200       0x1808
 *(.init)
 .init            0x000200         0x3c /Applications/microchip/xc16/v1.26/bin/bin/../../lib/libpic30-elf.a(crt0_standard.o)
                  0x000200                  __reset
                  0x000200                  __resetPRI
                  0x00022c                  __psv_init
 .init            0x00023c         0x6c /Applications/microchip/xc16/v1.26/bin/bin/../../lib/libpic30-elf.a(data_init_standard.o)
                  0x00023c                  __data_init
                  0x00023c                  __data_init_standard
 *(.user_init)
 *(.handle)
 *(.isr*)
 .isr.text        0x0002a8         0x1c build/XC16_24FJ256GA110/debug/traps.o
                  0x0002a8                  __OscillatorFail
                  0x0002ae                  __AddressError
                  0x0002b4                  __StackError
                  0x0002ba                  __MathError
                  0x0002c0                  __DefaultInterrupt
 *(.libc)
 .libc            0x0002c4         0x5c /Applications/microchip/xc16/v1.26/bin/bin/../../lib/libpic30-elf.a(write.eo)
                  0x0002c4                  _write
 *(.libm)
 *(.libdsp)
 *(.lib*)
 .libm.divfs3     0x000320         0x84 /Applications/microchip/xc16/v1.26/bin/bin/../../lib/libm-elf.a(divsf3.eo)
                  0x000320                  ___divsf3
 .libm.floatunsisf
                  0x0003a4          0x4 /Applications/microchip/xc16/v1.26/bin/bin/../../lib/libm-elf.a(floatunsisf.eo)
                  0x0003a4                  ___floatunsisf
 .libm.fpack      0x0003a8         0x4c /Applications/microchip/xc16/v1.26/bin/bin/../../lib/libm-elf.a(fpack.eo)
                  0x0003a8                  __fpack
 .libm.funpack2
                  0x0003f4         0x10 /Applications/microchip/xc16/v1.26/bin/bin/../../lib/libm-elf.a(funpack2.eo)
                  0x0003f4                  __funpack2
 .libm.fPropagateNaN
                  0x000404         0x12 /Applications/microchip/xc16/v1.26/bin/bin/../../lib/libm-elf.a(futil.eo)
                  0x000404                  __fPropagateNaN
 .libm.fbobExit
                  0x000416          0x8 /Applications/microchip/xc16/v1.26/bin/bin/../../lib/libm-elf.a(futil.eo)
                  0x000416                  __fbopExit
 .libm.fbopReturnNaN
                  0x00041e          0x6 /Applications/microchip/xc16/v1.26/bin/bin/../../lib/libm-elf.a(futil.eo)
                  0x00041e                  __fbopReturnNaN
 .libm.mulsf3     0x000424         0x68 /Applications/microchip/xc16/v1.26/bin/bin/../../lib/libm-elf.a(mulsf3.eo)
                  0x000424                  ___mulsf3
 .libm.floatundisf
                  0x00048c         0x5e /Applications/microchip/xc16/v1.26/bin/bin/../../lib/libm-elf.a(floatundisf.eo)
                  0x00048c                  ___floatundisf
 .libm.funpack    0x0004ea         0x2a /Applications/microchip/xc16/v1.26/bin/bin/../../lib/libm-elf.a(funpack.eo)
                  0x0004ea                  __funpack
 .libc.memset     0x000514          0xe /Applications/microchip/xc16/v1.26/bin/bin/../../lib/libc-elf.a(memset.eo)
                  0x000514                  _memset
 .libc._sprintf_fF
                  0x000522         0x2c /Applications/microchip/xc16/v1.26/bin/bin/../../lib/libc-elf.a(sprintf_fF.XXeo)
                  0x000522                  __sprintf_fF
 .libc.fround     0x00054e         0xba /Applications/microchip/xc16/v1.26/bin/bin/../../lib/libc-elf.a(doprnt_fF.XXeo)
 .libc.scale      0x000608         0xc4 /Applications/microchip/xc16/v1.26/bin/bin/../../lib/libc-elf.a(doprnt_fF.XXeo)
 .libc.sputc      0x0006cc         0x12 /Applications/microchip/xc16/v1.26/bin/bin/../../lib/libc-elf.a(doprnt_fF.XXeo)
 .libc._vfprintf_fF
                  0x0006de        0xa08 /Applications/microchip/xc16/v1.26/bin/bin/../../lib/libc-elf.a(doprnt_fF.XXeo)
                  0x0006de                  __vfprintf_fF
 .libc.fputc      0x0010e6         0x86 /Applications/microchip/xc16/v1.26/bin/bin/../../lib/libc-elf.a(fputc.eo)
                  0x0010e6                  _fputc
 .libc._flsbuf    0x00116c         0x7e /Applications/microchip/xc16/v1.26/bin/bin/../../lib/libc-elf.a(flsbuf.eo)
                  0x00116c                  __flsbuf
 .libc.dowrite    0x0011ea          0x4 /Applications/microchip/xc16/v1.26/bin/bin/../../lib/libpic30-elf.a(write.eo)
 .libm.adddf3     0x0011ee         0xfa /Applications/microchip/xc16/v1.26/bin/bin/../../lib/libm-elf.a(adddf3.eo)
                  0x0011ee                  ___adddf3
 .libm.eqdf2      0x0012e8          0xa /Applications/microchip/xc16/v1.26/bin/bin/../../lib/libm-elf.a(deqltle.eo)
                  0x0012e8                  ___ledf2
                  0x0012e8                  ___eqdf2
                  0x0012e8                  ___ltdf2
 .libm.gtdf2      0x0012f2          0xa /Applications/microchip/xc16/v1.26/bin/bin/../../lib/libm-elf.a(dgtge.eo)
                  0x0012f2                  ___gedf2
                  0x0012f2                  ___gtdf2
 .libm.divdf3     0x0012fc         0xb4 /Applications/microchip/xc16/v1.26/bin/bin/../../lib/libm-elf.a(divdf3.eo)
                  0x0012fc                  ___divdf3
 .libm.nedf2      0x0013b0          0xa /Applications/microchip/xc16/v1.26/bin/bin/../../lib/libm-elf.a(dne.eo)
                  0x0013b0                  ___nedf2
 .libm.dpack      0x0013ba         0x58 /Applications/microchip/xc16/v1.26/bin/bin/../../lib/libm-elf.a(dpack.eo)
                  0x0013ba                  __dpack
 .libm.dunpack2
                  0x001412         0x32 /Applications/microchip/xc16/v1.26/bin/bin/../../lib/libm-elf.a(dunpack2.eo)
                  0x001412                  __dunpack2
                  0x001434                  __dreturnNaN
                  0x00143a                  __dunpack2exit
 .libm.extendsfdf2
                  0x001444         0x3e /Applications/microchip/xc16/v1.26/bin/bin/../../lib/libm-elf.a(extendsfdf.eo)
                  0x001444                  ___extendsfdf2
 .libm.fixunsdfdi
                  0x001482         0x62 /Applications/microchip/xc16/v1.26/bin/bin/../../lib/libm-elf.a(fixunsdfdi.eo)
                  0x001482                  ___fixunsdfdi
 .libm.floatundidf
                  0x0014e4         0x56 /Applications/microchip/xc16/v1.26/bin/bin/../../lib/libm-elf.a(floatundidf.eo)
                  0x0014e4                  ___floatundidf
 .libm.frexp      0x00153a         0x3a /Applications/microchip/xc16/v1.26/bin/bin/../../lib/libm-elf.a(frexp.eo)
                  0x00153a                  _frexpl
                  0x00153a                  _frexp
 .libm.muldf3     0x001574         0xea /Applications/microchip/xc16/v1.26/bin/bin/../../lib/libm-elf.a(muldf3.eo)
                  0x001574                  ___muldf3
 .libm.subdf3     0x00165e          0x4 /Applications/microchip/xc16/v1.26/bin/bin/../../lib/libm-elf.a(subdf3.eo)
                  0x00165e                  ___subdf3
 .libm.udivsi3    0x001662         0x20 /Applications/microchip/xc16/v1.26/bin/bin/../../lib/libm-elf.a(udivsi3.eo)
                  0x001662                  ___udivsi3
 .libm.mulsi3     0x001682          0xc /Applications/microchip/xc16/v1.26/bin/bin/../../lib/libm-elf.a(mulsi3.eo)
                  0x001682                  ___mulp32eds3
                  0x001682                  ___mulp32peds3
                  0x001682                  ___mulsi3
 .libm.__PplusBdi
                  0x00168e         0x26 /Applications/microchip/xc16/v1.26/bin/bin/../../lib/libm-elf.a(divmoddi3.eo)
 .libm.__PminusBdi
                  0x0016b4         0x26 /Applications/microchip/xc16/v1.26/bin/bin/../../lib/libm-elf.a(divmoddi3.eo)
 .libm.__udivmoddi3
                  0x0016da         0xe6 /Applications/microchip/xc16/v1.26/bin/bin/../../lib/libm-elf.a(divmoddi3.eo)
                  0x0016da                  ___udivmoddi3
 .libm.__udivdi3
                  0x0017c0          0xe /Applications/microchip/xc16/v1.26/bin/bin/../../lib/libm-elf.a(divmoddi3.eo)
                  0x0017c0                  ___udivdi3
 .libm.__umoddi3
                  0x0017ce          0x8 /Applications/microchip/xc16/v1.26/bin/bin/../../lib/libm-elf.a(divmoddi3.eo)
                  0x0017ce                  ___umoddi3
 .libm.__divdi3
                  0x0017d6         0x60 /Applications/microchip/xc16/v1.26/bin/bin/../../lib/libm-elf.a(divmoddi3.eo)
                  0x0017d6                  ___divdi3
 .libm.__moddi3
                  0x001836         0x5c /Applications/microchip/xc16/v1.26/bin/bin/../../lib/libm-elf.a(divmoddi3.eo)
                  0x001836                  ___moddi3
 .libm.__muldi3
                  0x001892         0x52 /Applications/microchip/xc16/v1.26/bin/bin/../../lib/libm-elf.a(muldi3.eo)
                  0x001892                  ___muldi3
 .libm.dcompare
                  0x0018e4         0x52 /Applications/microchip/xc16/v1.26/bin/bin/../../lib/libm-elf.a(dcompare.eo)
                  0x0018e4                  __dcompare
 .libm.dPropagateNaN
                  0x001936         0x1c /Applications/microchip/xc16/v1.26/bin/bin/../../lib/libm-elf.a(dpropagateNaN.eo)
                  0x001936                  __dPropagateNaN
 .libm.dtype      0x001952         0x24 /Applications/microchip/xc16/v1.26/bin/bin/../../lib/libm-elf.a(dtype.eo)
                  0x001952                  __dtype
 .libm.dunpack    0x001976         0x4e /Applications/microchip/xc16/v1.26/bin/bin/../../lib/libm-elf.a(dunpack.eo)
                  0x001976                  __dunpack
 .libm.umuldi3    0x0019c4         0x44 /Applications/microchip/xc16/v1.26/bin/bin/../../lib/libm-elf.a(umuldi3.eo)
                  0x0019c4                  ___umuldi3

usercode
 *(usercode)

__FBS             0xf80000          0x2
 *(__FBS.sec*)
 __FBS.sec        0xf80000          0x2 FBS
                  0xf80000                  __FBS.sec

__FGS             0xf80004          0x2
 *(__FGS.sec*)
 __FGS.sec        0xf80004          0x2 FGS
                  0xf80004                  __FGS.sec

__FOSCSEL
 *(__FOSCSEL.sec*)

__FOSC
 *(__FOSC.sec*)

__FWDT
 *(__FWDT.sec*)

__FPOR
 *(__FPOR.sec*)

__FICD
 *(__FICD.sec*)

.comment
 *(.comment)

.debug_info       0x000000       0x2ce5
 *(.debug_info)
 .debug_info      0x000000         0xa2 build/XC16_24FJ256GA110/debug/configuration_bits.o
 .debug_info      0x0000a2        0x10d build/XC16_24FJ256GA110/debug/interrupts.o
 .debug_info      0x0001af        0x1d0 build/XC16_24FJ256GA110/debug/main.o
 .debug_info      0x00037f        0x12c build/XC16_24FJ256GA110/debug/system.o
 .debug_info      0x0004ab        0x254 build/XC16_24FJ256GA110/debug/traps.o
 .debug_info      0x0006ff       0x1548 build/XC16_24FJ256GA110/debug/user.o
 .debug_info      0x001c47        0x7bb build/XC16_24FJ256GA110/debug/motorControl.o
 .debug_info      0x002402        0x48b build/XC16_24FJ256GA110/debug/lcd.o
 .debug_info      0x00288d        0x458 build/XC16_24FJ256GA110/debug/i2c.o
 *(.gnu.linkonce.wi.*)

.debug_abbrev     0x000000        0x502
 *(.debug_abbrev)
 .debug_abbrev    0x000000         0x1f build/XC16_24FJ256GA110/debug/configuration_bits.o
 .debug_abbrev    0x00001f         0x1f build/XC16_24FJ256GA110/debug/interrupts.o
 .debug_abbrev    0x00003e         0x81 build/XC16_24FJ256GA110/debug/main.o
 .debug_abbrev    0x0000bf         0x34 build/XC16_24FJ256GA110/debug/system.o
 .debug_abbrev    0x0000f3         0x7d build/XC16_24FJ256GA110/debug/traps.o
 .debug_abbrev    0x000170        0x163 build/XC16_24FJ256GA110/debug/user.o
 .debug_abbrev    0x0002d3         0xc9 build/XC16_24FJ256GA110/debug/motorControl.o
 .debug_abbrev    0x00039c         0xbf build/XC16_24FJ256GA110/debug/lcd.o
 .debug_abbrev    0x00045b         0xa7 build/XC16_24FJ256GA110/debug/i2c.o

.debug_line       0x000000        0x46a
 *(.debug_line)
 .debug_line      0x000000         0x1a build/XC16_24FJ256GA110/debug/configuration_bits.o
 .debug_line      0x00001a         0x1a build/XC16_24FJ256GA110/debug/interrupts.o
 .debug_line      0x000034         0x56 build/XC16_24FJ256GA110/debug/main.o
 .debug_line      0x00008a         0x38 build/XC16_24FJ256GA110/debug/system.o
 .debug_line      0x0000c2         0x98 build/XC16_24FJ256GA110/debug/traps.o
 .debug_line      0x00015a         0xfc build/XC16_24FJ256GA110/debug/user.o
 .debug_line      0x000256         0xae build/XC16_24FJ256GA110/debug/motorControl.o
 .debug_line      0x000304         0xd8 build/XC16_24FJ256GA110/debug/lcd.o
 .debug_line      0x0003dc         0x8e build/XC16_24FJ256GA110/debug/i2c.o

.debug_frame      0x000000        0x372
 *(.debug_frame)
 .debug_frame     0x000000         0x30 build/XC16_24FJ256GA110/debug/main.o
 .debug_frame     0x000030         0x30 build/XC16_24FJ256GA110/debug/system.o
 .debug_frame     0x000060         0xa0 build/XC16_24FJ256GA110/debug/traps.o
 .debug_frame     0x000100         0xca build/XC16_24FJ256GA110/debug/user.o
 .debug_frame     0x0001ca         0x4c build/XC16_24FJ256GA110/debug/motorControl.o
 .debug_frame     0x000216         0xf4 build/XC16_24FJ256GA110/debug/lcd.o
 .debug_frame     0x00030a         0x68 build/XC16_24FJ256GA110/debug/i2c.o

.debug_str        0x000000        0x10f
 *(.debug_str)
 .debug_str       0x000000          0xc build/XC16_24FJ256GA110/debug/main.o
 .debug_str       0x00000c          0xc build/XC16_24FJ256GA110/debug/traps.o
 .debug_str       0x000018         0x91 build/XC16_24FJ256GA110/debug/user.o
 .debug_str       0x0000a9         0x2e build/XC16_24FJ256GA110/debug/motorControl.o
 .debug_str       0x0000d7         0x12 build/XC16_24FJ256GA110/debug/lcd.o
 .debug_str       0x0000e9         0x26 build/XC16_24FJ256GA110/debug/i2c.o

.debug_loc
 *(.debug_loc)

.debug_macinfo
 *(.debug_macinfo)

.debug_pubnames
                  0x000000        0x204
 *(.debug_pubnames)
 .debug_pubnames
                  0x000000         0x1b build/XC16_24FJ256GA110/debug/main.o
 .debug_pubnames
                  0x00001b         0x2a build/XC16_24FJ256GA110/debug/system.o
 .debug_pubnames
                  0x000045         0x6d build/XC16_24FJ256GA110/debug/traps.o
 .debug_pubnames
                  0x0000b2         0x69 build/XC16_24FJ256GA110/debug/user.o
 .debug_pubnames
                  0x00011b         0x33 build/XC16_24FJ256GA110/debug/motorControl.o
 .debug_pubnames
                  0x00014e         0x7f build/XC16_24FJ256GA110/debug/lcd.o
 .debug_pubnames
                  0x0001cd         0x37 build/XC16_24FJ256GA110/debug/i2c.o

.debug_ranges
 *(.debug_ranges)

.debug_aranges    0x000000         0xa8
 *(.debug_aranges)
 .debug_aranges
                  0x000000         0x18 build/XC16_24FJ256GA110/debug/main.o
 .debug_aranges
                  0x000018         0x18 build/XC16_24FJ256GA110/debug/system.o
 .debug_aranges
                  0x000030         0x18 build/XC16_24FJ256GA110/debug/traps.o
 .debug_aranges
                  0x000048         0x18 build/XC16_24FJ256GA110/debug/user.o
 .debug_aranges
                  0x000060         0x18 build/XC16_24FJ256GA110/debug/motorControl.o
 .debug_aranges
                  0x000078         0x18 build/XC16_24FJ256GA110/debug/lcd.o
 .debug_aranges
                  0x000090         0x18 build/XC16_24FJ256GA110/debug/i2c.o
                    0x0000                  WREG0 = 0x0
                    0x0000                  _WREG0 = 0x0
                    0x0002                  WREG1 = 0x2
                    0x0002                  _WREG1 = 0x2
                    0x0004                  WREG2 = 0x4
                    0x0004                  _WREG2 = 0x4
                    0x0006                  WREG3 = 0x6
                    0x0006                  _WREG3 = 0x6
                    0x0008                  WREG4 = 0x8
                    0x0008                  _WREG4 = 0x8
                    0x000a                  WREG5 = 0xa
                    0x000a                  _WREG5 = 0xa
                    0x000c                  WREG6 = 0xc
                    0x000c                  _WREG6 = 0xc
                    0x000e                  WREG7 = 0xe
                    0x000e                  _WREG7 = 0xe
                    0x0010                  WREG8 = 0x10
                    0x0010                  _WREG8 = 0x10
                    0x0012                  WREG9 = 0x12
                    0x0012                  _WREG9 = 0x12
                    0x0014                  WREG10 = 0x14
                    0x0014                  _WREG10 = 0x14
                    0x0016                  WREG11 = 0x16
                    0x0016                  _WREG11 = 0x16
                    0x0018                  WREG12 = 0x18
                    0x0018                  _WREG12 = 0x18
                    0x001a                  WREG13 = 0x1a
                    0x001a                  _WREG13 = 0x1a
                    0x001c                  WREG14 = 0x1c
                    0x001c                  _WREG14 = 0x1c
                    0x001e                  WREG15 = 0x1e
                    0x001e                  _WREG15 = 0x1e
                    0x0020                  SPLIM = 0x20
                    0x0020                  _SPLIM = 0x20
                    0x002e                  PCL = 0x2e
                    0x002e                  _PCL = 0x2e
                    0x0030                  PCH = 0x30
                    0x0030                  _PCH = 0x30
                    0x0032                  TBLPAG = 0x32
                    0x0032                  _TBLPAG = 0x32
                    0x0032                  _TBLPAGbits = 0x32
                    0x0034                  PSVPAG = 0x34
                    0x0034                  _PSVPAG = 0x34
                    0x0034                  _PSVPAGbits = 0x34
                    0x0036                  RCOUNT = 0x36
                    0x0036                  _RCOUNT = 0x36
                    0x0042                  SR = 0x42
                    0x0042                  _SR = 0x42
                    0x0042                  _SRbits = 0x42
                    0x0044                  CORCON = 0x44
                    0x0044                  _CORCON = 0x44
                    0x0044                  _CORCONbits = 0x44
                    0x0052                  DISICNT = 0x52
                    0x0052                  _DISICNT = 0x52
                    0x0052                  _DISICNTbits = 0x52
                    0x0056                  CNPD1 = 0x56
                    0x0056                  _CNPD1 = 0x56
                    0x0056                  _CNPD1bits = 0x56
                    0x0058                  CNPD2 = 0x58
                    0x0058                  _CNPD2 = 0x58
                    0x0058                  _CNPD2bits = 0x58
                    0x0062                  CNEN1 = 0x62
                    0x0062                  _CNEN1 = 0x62
                    0x0062                  _CNEN1bits = 0x62
                    0x0064                  CNEN2 = 0x64
                    0x0064                  _CNEN2 = 0x64
                    0x0064                  _CNEN2bits = 0x64
                    0x006e                  CNPU1 = 0x6e
                    0x006e                  _CNPU1 = 0x6e
                    0x006e                  _CNPU1bits = 0x6e
                    0x0070                  CNPU2 = 0x70
                    0x0070                  _CNPU2 = 0x70
                    0x0070                  _CNPU2bits = 0x70
                    0x0080                  INTCON1 = 0x80
                    0x0080                  _INTCON1 = 0x80
                    0x0080                  _INTCON1bits = 0x80
                    0x0082                  INTCON2 = 0x82
                    0x0082                  _INTCON2 = 0x82
                    0x0082                  _INTCON2bits = 0x82
                    0x0084                  IFS0 = 0x84
                    0x0084                  _IFS0 = 0x84
                    0x0084                  _IFS0bits = 0x84
                    0x0086                  IFS1 = 0x86
                    0x0086                  _IFS1 = 0x86
                    0x0086                  _IFS1bits = 0x86
                    0x0088                  IFS2 = 0x88
                    0x0088                  _IFS2 = 0x88
                    0x0088                  _IFS2bits = 0x88
                    0x008a                  IFS3 = 0x8a
                    0x008a                  _IFS3 = 0x8a
                    0x008a                  _IFS3bits = 0x8a
                    0x008c                  IFS4 = 0x8c
                    0x008c                  _IFS4 = 0x8c
                    0x008c                  _IFS4bits = 0x8c
                    0x008e                  IFS5 = 0x8e
                    0x008e                  _IFS5 = 0x8e
                    0x008e                  _IFS5bits = 0x8e
                    0x0090                  IFS6 = 0x90
                    0x0090                  _IFS6 = 0x90
                    0x0090                  _IFS6bits = 0x90
                    0x0094                  IEC0 = 0x94
                    0x0094                  _IEC0 = 0x94
                    0x0094                  _IEC0bits = 0x94
                    0x0096                  IEC1 = 0x96
                    0x0096                  _IEC1 = 0x96
                    0x0096                  _IEC1bits = 0x96
                    0x0098                  IEC2 = 0x98
                    0x0098                  _IEC2 = 0x98
                    0x0098                  _IEC2bits = 0x98
                    0x009a                  IEC3 = 0x9a
                    0x009a                  _IEC3 = 0x9a
                    0x009a                  _IEC3bits = 0x9a
                    0x009c                  IEC4 = 0x9c
                    0x009c                  _IEC4 = 0x9c
                    0x009c                  _IEC4bits = 0x9c
                    0x009e                  IEC5 = 0x9e
                    0x009e                  _IEC5 = 0x9e
                    0x009e                  _IEC5bits = 0x9e
                    0x00a0                  IEC6 = 0xa0
                    0x00a0                  _IEC6 = 0xa0
                    0x00a0                  _IEC6bits = 0xa0
                    0x00a4                  IPC0 = 0xa4
                    0x00a4                  _IPC0 = 0xa4
                    0x00a4                  _IPC0bits = 0xa4
                    0x00a6                  IPC1 = 0xa6
                    0x00a6                  _IPC1 = 0xa6
                    0x00a6                  _IPC1bits = 0xa6
                    0x00a8                  IPC2 = 0xa8
                    0x00a8                  _IPC2 = 0xa8
                    0x00a8                  _IPC2bits = 0xa8
                    0x00aa                  IPC3 = 0xaa
                    0x00aa                  _IPC3 = 0xaa
                    0x00aa                  _IPC3bits = 0xaa
                    0x00ac                  IPC4 = 0xac
                    0x00ac                  _IPC4 = 0xac
                    0x00ac                  _IPC4bits = 0xac
                    0x00ae                  IPC5 = 0xae
                    0x00ae                  _IPC5 = 0xae
                    0x00ae                  _IPC5bits = 0xae
                    0x00b0                  IPC6 = 0xb0
                    0x00b0                  _IPC6 = 0xb0
                    0x00b0                  _IPC6bits = 0xb0
                    0x00b2                  IPC7 = 0xb2
                    0x00b2                  _IPC7 = 0xb2
                    0x00b2                  _IPC7bits = 0xb2
                    0x00b8                  IPC10 = 0xb8
                    0x00b8                  _IPC10 = 0xb8
                    0x00b8                  _IPC10bits = 0xb8
                    0x00bc                  IPC12 = 0xbc
                    0x00bc                  _IPC12 = 0xbc
                    0x00bc                  _IPC12bits = 0xbc
                    0x00c2                  IPC15 = 0xc2
                    0x00c2                  _IPC15 = 0xc2
                    0x00c2                  _IPC15bits = 0xc2
                    0x00c4                  IPC16 = 0xc4
                    0x00c4                  _IPC16 = 0xc4
                    0x00c4                  _IPC16bits = 0xc4
                    0x00c8                  IPC18 = 0xc8
                    0x00c8                  _IPC18 = 0xc8
                    0x00c8                  _IPC18bits = 0xc8
                    0x00ca                  IPC19 = 0xca
                    0x00ca                  _IPC19 = 0xca
                    0x00ca                  _IPC19bits = 0xca
                    0x00cc                  IPC20 = 0xcc
                    0x00cc                  _IPC20 = 0xcc
                    0x00cc                  _IPC20bits = 0xcc
                    0x00d4                  IPC24 = 0xd4
                    0x00d4                  _IPC24 = 0xd4
                    0x00d4                  _IPC24bits = 0xd4
                    0x00e0                  INTTREG = 0xe0
                    0x00e0                  _INTTREG = 0xe0
                    0x00e0                  _INTTREGbits = 0xe0
                    0x0100                  TMR1 = 0x100
                    0x0100                  _TMR1 = 0x100
                    0x0102                  PR1 = 0x102
                    0x0102                  _PR1 = 0x102
                    0x0104                  T1CON = 0x104
                    0x0104                  _T1CON = 0x104
                    0x0104                  _T1CONbits = 0x104
                    0x0122                  CLC1CONL = 0x122
                    0x0122                  _CLC1CONL = 0x122
                    0x0122                  _CLC1CONLbits = 0x122
                    0x0124                  CLC1CONH = 0x124
                    0x0124                  _CLC1CONH = 0x124
                    0x0124                  _CLC1CONHbits = 0x124
                    0x0126                  CLC1SEL = 0x126
                    0x0126                  _CLC1SEL = 0x126
                    0x0126                  _CLC1SELbits = 0x126
                    0x0126                  CLC1SELL = 0x126
                    0x0126                  _CLC1SELL = 0x126
                    0x0126                  _CLC1SELLbits = 0x126
                    0x012a                  CLC1GLSL = 0x12a
                    0x012a                  _CLC1GLSL = 0x12a
                    0x012a                  _CLC1GLSLbits = 0x12a
                    0x012c                  CLC1GLSH = 0x12c
                    0x012c                  _CLC1GLSH = 0x12c
                    0x012c                  _CLC1GLSHbits = 0x12c
                    0x012e                  CLC2CONL = 0x12e
                    0x012e                  _CLC2CONL = 0x12e
                    0x012e                  _CLC2CONLbits = 0x12e
                    0x0130                  CLC2CONH = 0x130
                    0x0130                  _CLC2CONH = 0x130
                    0x0130                  _CLC2CONHbits = 0x130
                    0x0132                  CLC2SEL = 0x132
                    0x0132                  _CLC2SEL = 0x132
                    0x0132                  _CLC2SELbits = 0x132
                    0x0132                  CLC2SELL = 0x132
                    0x0132                  _CLC2SELL = 0x132
                    0x0132                  _CLC2SELLbits = 0x132
                    0x0136                  CLC2GLSL = 0x136
                    0x0136                  _CLC2GLSL = 0x136
                    0x0136                  _CLC2GLSLbits = 0x136
                    0x0138                  CLC2GLSH = 0x138
                    0x0138                  _CLC2GLSH = 0x138
                    0x0138                  _CLC2GLSHbits = 0x138
                    0x0140                  CCP1CON1L = 0x140
                    0x0140                  _CCP1CON1L = 0x140
                    0x0140                  _CCP1CON1Lbits = 0x140
                    0x0142                  CCP1CON1H = 0x142
                    0x0142                  _CCP1CON1H = 0x142
                    0x0142                  _CCP1CON1Hbits = 0x142
                    0x0144                  CCP1CON2L = 0x144
                    0x0144                  _CCP1CON2L = 0x144
                    0x0144                  _CCP1CON2Lbits = 0x144
                    0x0146                  CCP1CON2H = 0x146
                    0x0146                  _CCP1CON2H = 0x146
                    0x0146                  _CCP1CON2Hbits = 0x146
                    0x0148                  CCP1CON3L = 0x148
                    0x0148                  _CCP1CON3L = 0x148
                    0x0148                  _CCP1CON3Lbits = 0x148
                    0x014a                  CCP1CON3H = 0x14a
                    0x014a                  _CCP1CON3H = 0x14a
                    0x014a                  _CCP1CON3Hbits = 0x14a
                    0x014c                  CCP1STAT = 0x14c
                    0x014c                  _CCP1STAT = 0x14c
                    0x014c                  _CCP1STATbits = 0x14c
                    0x014c                  CCP1STATL = 0x14c
                    0x014c                  _CCP1STATL = 0x14c
                    0x014c                  _CCP1STATLbits = 0x14c
                    0x0150                  CCP1TMRL = 0x150
                    0x0150                  _CCP1TMRL = 0x150
                    0x0152                  CCP1TMRH = 0x152
                    0x0152                  _CCP1TMRH = 0x152
                    0x0154                  CCP1PRL = 0x154
                    0x0154                  _CCP1PRL = 0x154
                    0x0156                  CCP1PRH = 0x156
                    0x0156                  _CCP1PRH = 0x156
                    0x0158                  CCP1RA = 0x158
                    0x0158                  _CCP1RA = 0x158
                    0x0158                  CCP1RAL = 0x158
                    0x0158                  _CCP1RAL = 0x158
                    0x015c                  CCP1RB = 0x15c
                    0x015c                  _CCP1RB = 0x15c
                    0x015c                  CCP1RBL = 0x15c
                    0x015c                  _CCP1RBL = 0x15c
                    0x0160                  CCP1BUFL = 0x160
                    0x0160                  _CCP1BUFL = 0x160
                    0x0162                  CCP1BUFH = 0x162
                    0x0162                  _CCP1BUFH = 0x162
                    0x0164                  CCP2CON1L = 0x164
                    0x0164                  _CCP2CON1L = 0x164
                    0x0164                  _CCP2CON1Lbits = 0x164
                    0x0166                  CCP2CON1H = 0x166
                    0x0166                  _CCP2CON1H = 0x166
                    0x0166                  _CCP2CON1Hbits = 0x166
                    0x0168                  CCP2CON2L = 0x168
                    0x0168                  _CCP2CON2L = 0x168
                    0x0168                  _CCP2CON2Lbits = 0x168
                    0x016a                  CCP2CON2H = 0x16a
                    0x016a                  _CCP2CON2H = 0x16a
                    0x016a                  _CCP2CON2Hbits = 0x16a
                    0x016c                  CCP2CON3L = 0x16c
                    0x016c                  _CCP2CON3L = 0x16c
                    0x016c                  _CCP2CON3Lbits = 0x16c
                    0x016e                  CCP2CON3H = 0x16e
                    0x016e                  _CCP2CON3H = 0x16e
                    0x016e                  _CCP2CON3Hbits = 0x16e
                    0x0170                  CCP2STAT = 0x170
                    0x0170                  _CCP2STAT = 0x170
                    0x0170                  _CCP2STATbits = 0x170
                    0x0170                  CCP2STATL = 0x170
                    0x0170                  _CCP2STATL = 0x170
                    0x0170                  _CCP2STATLbits = 0x170
                    0x0174                  CCP2TMRL = 0x174
                    0x0174                  _CCP2TMRL = 0x174
                    0x0176                  CCP2TMRH = 0x176
                    0x0176                  _CCP2TMRH = 0x176
                    0x0178                  CCP2PRL = 0x178
                    0x0178                  _CCP2PRL = 0x178
                    0x017a                  CCP2PRH = 0x17a
                    0x017a                  _CCP2PRH = 0x17a
                    0x017c                  CCP2RA = 0x17c
                    0x017c                  _CCP2RA = 0x17c
                    0x017c                  CCP2RAL = 0x17c
                    0x017c                  _CCP2RAL = 0x17c
                    0x0180                  CCP2RB = 0x180
                    0x0180                  _CCP2RB = 0x180
                    0x0180                  CCP2RBL = 0x180
                    0x0180                  _CCP2RBL = 0x180
                    0x0184                  CCP2BUFL = 0x184
                    0x0184                  _CCP2BUFL = 0x184
                    0x0186                  CCP2BUFH = 0x186
                    0x0186                  _CCP2BUFH = 0x186
                    0x0188                  CCP3CON1L = 0x188
                    0x0188                  _CCP3CON1L = 0x188
                    0x0188                  _CCP3CON1Lbits = 0x188
                    0x018a                  CCP3CON1H = 0x18a
                    0x018a                  _CCP3CON1H = 0x18a
                    0x018a                  _CCP3CON1Hbits = 0x18a
                    0x018c                  CCP3CON2L = 0x18c
                    0x018c                  _CCP3CON2L = 0x18c
                    0x018c                  _CCP3CON2Lbits = 0x18c
                    0x018e                  CCP3CON2H = 0x18e
                    0x018e                  _CCP3CON2H = 0x18e
                    0x018e                  _CCP3CON2Hbits = 0x18e
                    0x0190                  CCP3CON3L = 0x190
                    0x0190                  _CCP3CON3L = 0x190
                    0x0190                  _CCP3CON3Lbits = 0x190
                    0x0192                  CCP3CON3H = 0x192
                    0x0192                  _CCP3CON3H = 0x192
                    0x0192                  _CCP3CON3Hbits = 0x192
                    0x0194                  CCP3STAT = 0x194
                    0x0194                  _CCP3STAT = 0x194
                    0x0194                  _CCP3STATbits = 0x194
                    0x0194                  CCP3STATL = 0x194
                    0x0194                  _CCP3STATL = 0x194
                    0x0194                  _CCP3STATLbits = 0x194
                    0x0198                  CCP3TMRL = 0x198
                    0x0198                  _CCP3TMRL = 0x198
                    0x019a                  CCP3TMRH = 0x19a
                    0x019a                  _CCP3TMRH = 0x19a
                    0x019c                  CCP3PRL = 0x19c
                    0x019c                  _CCP3PRL = 0x19c
                    0x019e                  CCP3PRH = 0x19e
                    0x019e                  _CCP3PRH = 0x19e
                    0x01a0                  CCP3RA = 0x1a0
                    0x01a0                  _CCP3RA = 0x1a0
                    0x01a0                  CCP3RAL = 0x1a0
                    0x01a0                  _CCP3RAL = 0x1a0
                    0x01a4                  CCP3RB = 0x1a4
                    0x01a4                  _CCP3RB = 0x1a4
                    0x01a4                  CCP3RBL = 0x1a4
                    0x01a4                  _CCP3RBL = 0x1a4
                    0x01a8                  CCP3BUFL = 0x1a8
                    0x01a8                  _CCP3BUFL = 0x1a8
                    0x01aa                  CCP3BUFH = 0x1aa
                    0x01aa                  _CCP3BUFH = 0x1aa
                    0x01ac                  CCP4CON1L = 0x1ac
                    0x01ac                  _CCP4CON1L = 0x1ac
                    0x01ac                  _CCP4CON1Lbits = 0x1ac
                    0x01ae                  CCP4CON1H = 0x1ae
                    0x01ae                  _CCP4CON1H = 0x1ae
                    0x01ae                  _CCP4CON1Hbits = 0x1ae
                    0x01b0                  CCP4CON2L = 0x1b0
                    0x01b0                  _CCP4CON2L = 0x1b0
                    0x01b0                  _CCP4CON2Lbits = 0x1b0
                    0x01b2                  CCP4CON2H = 0x1b2
                    0x01b2                  _CCP4CON2H = 0x1b2
                    0x01b2                  _CCP4CON2Hbits = 0x1b2
                    0x01b6                  CCP4CON3H = 0x1b6
                    0x01b6                  _CCP4CON3H = 0x1b6
                    0x01b6                  _CCP4CON3Hbits = 0x1b6
                    0x01b8                  CCP4STAT = 0x1b8
                    0x01b8                  _CCP4STAT = 0x1b8
                    0x01b8                  _CCP4STATbits = 0x1b8
                    0x01b8                  CCP4STATL = 0x1b8
                    0x01b8                  _CCP4STATL = 0x1b8
                    0x01b8                  _CCP4STATLbits = 0x1b8
                    0x01bc                  CCP4TMRL = 0x1bc
                    0x01bc                  _CCP4TMRL = 0x1bc
                    0x01be                  CCP4TMRH = 0x1be
                    0x01be                  _CCP4TMRH = 0x1be
                    0x01c0                  CCP4PRL = 0x1c0
                    0x01c0                  _CCP4PRL = 0x1c0
                    0x01c2                  CCP4PRH = 0x1c2
                    0x01c2                  _CCP4PRH = 0x1c2
                    0x01c4                  CCP4RA = 0x1c4
                    0x01c4                  _CCP4RA = 0x1c4
                    0x01c4                  CCP4RAL = 0x1c4
                    0x01c4                  _CCP4RAL = 0x1c4
                    0x01c8                  CCP4RB = 0x1c8
                    0x01c8                  _CCP4RB = 0x1c8
                    0x01c8                  CCP4RBL = 0x1c8
                    0x01c8                  _CCP4RBL = 0x1c8
                    0x01cc                  CCP4BUFL = 0x1cc
                    0x01cc                  _CCP4BUFL = 0x1cc
                    0x01ce                  CCP4BUFH = 0x1ce
                    0x01ce                  _CCP4BUFH = 0x1ce
                    0x01d0                  CCP5CON1L = 0x1d0
                    0x01d0                  _CCP5CON1L = 0x1d0
                    0x01d0                  _CCP5CON1Lbits = 0x1d0
                    0x01d2                  CCP5CON1H = 0x1d2
                    0x01d2                  _CCP5CON1H = 0x1d2
                    0x01d2                  _CCP5CON1Hbits = 0x1d2
                    0x01d4                  CCP5CON2L = 0x1d4
                    0x01d4                  _CCP5CON2L = 0x1d4
                    0x01d4                  _CCP5CON2Lbits = 0x1d4
                    0x01d6                  CCP5CON2H = 0x1d6
                    0x01d6                  _CCP5CON2H = 0x1d6
                    0x01d6                  _CCP5CON2Hbits = 0x1d6
                    0x01da                  CCP5CON3H = 0x1da
                    0x01da                  _CCP5CON3H = 0x1da
                    0x01da                  _CCP5CON3Hbits = 0x1da
                    0x01dc                  CCP5STAT = 0x1dc
                    0x01dc                  _CCP5STAT = 0x1dc
                    0x01dc                  _CCP5STATbits = 0x1dc
                    0x01dc                  CCP5STATL = 0x1dc
                    0x01dc                  _CCP5STATL = 0x1dc
                    0x01dc                  _CCP5STATLbits = 0x1dc
                    0x01e0                  CCP5TMRL = 0x1e0
                    0x01e0                  _CCP5TMRL = 0x1e0
                    0x01e2                  CCP5TMRH = 0x1e2
                    0x01e2                  _CCP5TMRH = 0x1e2
                    0x01e4                  CCP5PRL = 0x1e4
                    0x01e4                  _CCP5PRL = 0x1e4
                    0x01e6                  CCP5PRH = 0x1e6
                    0x01e6                  _CCP5PRH = 0x1e6
                    0x01e8                  CCP5RA = 0x1e8
                    0x01e8                  _CCP5RA = 0x1e8
                    0x01e8                  CCP5RAL = 0x1e8
                    0x01e8                  _CCP5RAL = 0x1e8
                    0x01ec                  CCP5RB = 0x1ec
                    0x01ec                  _CCP5RB = 0x1ec
                    0x01ec                  CCP5RBL = 0x1ec
                    0x01ec                  _CCP5RBL = 0x1ec
                    0x01f0                  CCP5BUFL = 0x1f0
                    0x01f0                  _CCP5BUFL = 0x1f0
                    0x01f2                  CCP5BUFH = 0x1f2
                    0x01f2                  _CCP5BUFH = 0x1f2
                    0x0200                  SPI1BUF = 0x200
                    0x0200                  _SPI1BUF = 0x200
                    0x0200                  _SPI1BUFbits = 0x200
                    0x0200                  SSP1BUF = 0x200
                    0x0200                  _SSP1BUF = 0x200
                    0x0200                  _SSP1BUFbits = 0x200
                    0x0202                  SSP1CON1 = 0x202
                    0x0202                  _SSP1CON1 = 0x202
                    0x0202                  _SSP1CON1bits = 0x202
                    0x0204                  SSP1CON2 = 0x204
                    0x0204                  _SSP1CON2 = 0x204
                    0x0204                  _SSP1CON2bits = 0x204
                    0x0206                  SSP1CON3 = 0x206
                    0x0206                  _SSP1CON3 = 0x206
                    0x0206                  _SSP1CON3bits = 0x206
                    0x0208                  SSP1STAT = 0x208
                    0x0208                  _SSP1STAT = 0x208
                    0x0208                  _SSP1STATbits = 0x208
                    0x020a                  I2C1ADD = 0x20a
                    0x020a                  _I2C1ADD = 0x20a
                    0x020a                  _I2C1ADDbits = 0x20a
                    0x020a                  I2C1BRG = 0x20a
                    0x020a                  _I2C1BRG = 0x20a
                    0x020a                  _I2C1BRGbits = 0x20a
                    0x020a                  SSP1ADD = 0x20a
                    0x020a                  _SSP1ADD = 0x20a
                    0x020a                  _SSP1ADDbits = 0x20a
                    0x020a                  SSP1BRG = 0x20a
                    0x020a                  _SSP1BRG = 0x20a
                    0x020a                  _SSP1BRGbits = 0x20a
                    0x020c                  I2C1MSK = 0x20c
                    0x020c                  _I2C1MSK = 0x20c
                    0x020c                  _I2C1MSKbits = 0x20c
                    0x020c                  SSP1MSK = 0x20c
                    0x020c                  _SSP1MSK = 0x20c
                    0x020c                  _SSP1MSKbits = 0x20c
                    0x0210                  SPI2BUF = 0x210
                    0x0210                  _SPI2BUF = 0x210
                    0x0210                  _SPI2BUFbits = 0x210
                    0x0210                  SSP2BUF = 0x210
                    0x0210                  _SSP2BUF = 0x210
                    0x0210                  _SSP2BUFbits = 0x210
                    0x0212                  SSP2CON1 = 0x212
                    0x0212                  _SSP2CON1 = 0x212
                    0x0212                  _SSP2CON1bits = 0x212
                    0x0214                  SSP2CON2 = 0x214
                    0x0214                  _SSP2CON2 = 0x214
                    0x0214                  _SSP2CON2bits = 0x214
                    0x0216                  SSP2CON3 = 0x216
                    0x0216                  _SSP2CON3 = 0x216
                    0x0216                  _SSP2CON3bits = 0x216
                    0x0218                  SSP2STAT = 0x218
                    0x0218                  _SSP2STAT = 0x218
                    0x0218                  _SSP2STATbits = 0x218
                    0x021a                  I2C2ADD = 0x21a
                    0x021a                  _I2C2ADD = 0x21a
                    0x021a                  _I2C2ADDbits = 0x21a
                    0x021a                  I2C2BRG = 0x21a
                    0x021a                  _I2C2BRG = 0x21a
                    0x021a                  _I2C2BRGbits = 0x21a
                    0x021a                  SSP2ADD = 0x21a
                    0x021a                  _SSP2ADD = 0x21a
                    0x021a                  _SSP2ADDbits = 0x21a
                    0x021a                  SSP2BRG = 0x21a
                    0x021a                  _SSP2BRG = 0x21a
                    0x021a                  _SSP2BRGbits = 0x21a
                    0x021c                  I2C2MSK = 0x21c
                    0x021c                  _I2C2MSK = 0x21c
                    0x021c                  _I2C2MSKbits = 0x21c
                    0x021c                  SSP2MSK = 0x21c
                    0x021c                  _SSP2MSK = 0x21c
                    0x021c                  _SSP2MSKbits = 0x21c
                    0x0220                  U1MODE = 0x220
                    0x0220                  _U1MODE = 0x220
                    0x0220                  _U1MODEbits = 0x220
                    0x0222                  U1STA = 0x222
                    0x0222                  _U1STA = 0x222
                    0x0222                  _U1STAbits = 0x222
                    0x0224                  U1TXREG = 0x224
                    0x0224                  _U1TXREG = 0x224
                    0x0226                  U1RXREG = 0x226
                    0x0226                  _U1RXREG = 0x226
                    0x0228                  U1BRG = 0x228
                    0x0228                  _U1BRG = 0x228
                    0x0230                  U2MODE = 0x230
                    0x0230                  _U2MODE = 0x230
                    0x0230                  _U2MODEbits = 0x230
                    0x0232                  U2STA = 0x232
                    0x0232                  _U2STA = 0x232
                    0x0232                  _U2STAbits = 0x232
                    0x0234                  U2TXREG = 0x234
                    0x0234                  _U2TXREG = 0x234
                    0x0236                  U2RXREG = 0x236
                    0x0236                  _U2RXREG = 0x236
                    0x0238                  U2BRG = 0x238
                    0x0238                  _U2BRG = 0x238
                    0x024a                  AMP1CON = 0x24a
                    0x024a                  _AMP1CON = 0x24a
                    0x024a                  _AMP1CONbits = 0x24a
                    0x024c                  AMP2CON = 0x24c
                    0x024c                  _AMP2CON = 0x24c
                    0x024c                  _AMP2CONbits = 0x24c
                    0x0274                  DAC1CON = 0x274
                    0x0274                  _DAC1CON = 0x274
                    0x0274                  _DAC1CONbits = 0x274
                    0x0276                  DAC1DAT = 0x276
                    0x0276                  _DAC1DAT = 0x276
                    0x0278                  DAC2CON = 0x278
                    0x0278                  _DAC2CON = 0x278
                    0x0278                  _DAC2CONbits = 0x278
                    0x027a                  DAC2DAT = 0x27a
                    0x027a                  _DAC2DAT = 0x27a
                    0x02c0                  TRISA = 0x2c0
                    0x02c0                  _TRISA = 0x2c0
                    0x02c0                  _TRISAbits = 0x2c0
                    0x02c2                  PORTA = 0x2c2
                    0x02c2                  _PORTA = 0x2c2
                    0x02c2                  _PORTAbits = 0x2c2
                    0x02c4                  LATA = 0x2c4
                    0x02c4                  _LATA = 0x2c4
                    0x02c4                  _LATAbits = 0x2c4
                    0x02c6                  ODCA = 0x2c6
                    0x02c6                  _ODCA = 0x2c6
                    0x02c6                  _ODCAbits = 0x2c6
                    0x02c8                  TRISB = 0x2c8
                    0x02c8                  _TRISB = 0x2c8
                    0x02c8                  _TRISBbits = 0x2c8
                    0x02ca                  PORTB = 0x2ca
                    0x02ca                  _PORTB = 0x2ca
                    0x02ca                  _PORTBbits = 0x2ca
                    0x02cc                  LATB = 0x2cc
                    0x02cc                  _LATB = 0x2cc
                    0x02cc                  _LATBbits = 0x2cc
                    0x02ce                  ODCB = 0x2ce
                    0x02ce                  _ODCB = 0x2ce
                    0x02ce                  _ODCBbits = 0x2ce
                    0x02fc                  PADCFG1 = 0x2fc
                    0x02fc                  _PADCFG1 = 0x2fc
                    0x02fc                  _PADCFG1bits = 0x2fc
                    0x0300                  ADC1BUF0 = 0x300
                    0x0300                  _ADC1BUF0 = 0x300
                    0x0302                  ADC1BUF1 = 0x302
                    0x0302                  _ADC1BUF1 = 0x302
                    0x0304                  ADC1BUF2 = 0x304
                    0x0304                  _ADC1BUF2 = 0x304
                    0x0306                  ADC1BUF3 = 0x306
                    0x0306                  _ADC1BUF3 = 0x306
                    0x0308                  ADC1BUF4 = 0x308
                    0x0308                  _ADC1BUF4 = 0x308
                    0x030a                  ADC1BUF5 = 0x30a
                    0x030a                  _ADC1BUF5 = 0x30a
                    0x030c                  ADC1BUF6 = 0x30c
                    0x030c                  _ADC1BUF6 = 0x30c
                    0x030e                  ADC1BUF7 = 0x30e
                    0x030e                  _ADC1BUF7 = 0x30e
                    0x0310                  ADC1BUF8 = 0x310
                    0x0310                  _ADC1BUF8 = 0x310
                    0x0312                  ADC1BUF9 = 0x312
                    0x0312                  _ADC1BUF9 = 0x312
                    0x0314                  ADC1BUF10 = 0x314
                    0x0314                  _ADC1BUF10 = 0x314
                    0x0316                  ADC1BUF11 = 0x316
                    0x0316                  _ADC1BUF11 = 0x316
                    0x0318                  ADC1BUF12 = 0x318
                    0x0318                  _ADC1BUF12 = 0x318
                    0x031a                  ADC1BUF13 = 0x31a
                    0x031a                  _ADC1BUF13 = 0x31a
                    0x031c                  ADC1BUF14 = 0x31c
                    0x031c                  _ADC1BUF14 = 0x31c
                    0x031e                  ADC1BUF15 = 0x31e
                    0x031e                  _ADC1BUF15 = 0x31e
                    0x0320                  ADC1BUF16 = 0x320
                    0x0320                  _ADC1BUF16 = 0x320
                    0x0322                  ADC1BUF17 = 0x322
                    0x0322                  _ADC1BUF17 = 0x322
                    0x0324                  ADC1BUF18 = 0x324
                    0x0324                  _ADC1BUF18 = 0x324
                    0x0326                  ADC1BUF19 = 0x326
                    0x0326                  _ADC1BUF19 = 0x326
                    0x0328                  ADC1BUF20 = 0x328
                    0x0328                  _ADC1BUF20 = 0x328
                    0x032a                  ADC1BUF21 = 0x32a
                    0x032a                  _ADC1BUF21 = 0x32a
                    0x032c                  ADC1BUF22 = 0x32c
                    0x032c                  _ADC1BUF22 = 0x32c
                    0x032e                  ADC1BUF23 = 0x32e
                    0x032e                  _ADC1BUF23 = 0x32e
                    0x0340                  AD1CON1 = 0x340
                    0x0340                  _AD1CON1 = 0x340
                    0x0340                  _AD1CON1bits = 0x340
                    0x0342                  AD1CON2 = 0x342
                    0x0342                  _AD1CON2 = 0x342
                    0x0342                  _AD1CON2bits = 0x342
                    0x0344                  AD1CON3 = 0x344
                    0x0344                  _AD1CON3 = 0x344
                    0x0344                  _AD1CON3bits = 0x344
                    0x0348                  AD1CHS = 0x348
                    0x0348                  _AD1CHS = 0x348
                    0x0348                  _AD1CHSbits = 0x348
                    0x0348                  AD1CHS0 = 0x348
                    0x0348                  _AD1CHS0 = 0x348
                    0x0348                  _AD1CHS0bits = 0x348
                    0x034e                  AD1CSSH = 0x34e
                    0x034e                  _AD1CSSH = 0x34e
                    0x034e                  _AD1CSSHbits = 0x34e
                    0x0350                  AD1CSSL = 0x350
                    0x0350                  _AD1CSSL = 0x350
                    0x0350                  _AD1CSSLbits = 0x350
                    0x0354                  AD1CON5 = 0x354
                    0x0354                  _AD1CON5 = 0x354
                    0x0354                  _AD1CON5bits = 0x354
                    0x0356                  AD1CHITH = 0x356
                    0x0356                  _AD1CHITH = 0x356
                    0x0356                  _AD1CHITHbits = 0x356
                    0x0358                  AD1CHITL = 0x358
                    0x0358                  _AD1CHITL = 0x358
                    0x0358                  _AD1CHITLbits = 0x358
                    0x035a                  CTMUCON1L = 0x35a
                    0x035a                  _CTMUCON1L = 0x35a
                    0x035a                  _CTMUCON1Lbits = 0x35a
                    0x035c                  CTMUCON1H = 0x35c
                    0x035c                  _CTMUCON1H = 0x35c
                    0x035c                  _CTMUCON1Hbits = 0x35c
                    0x035e                  CTMUCON2 = 0x35e
                    0x035e                  _CTMUCON2 = 0x35e
                    0x035e                  _CTMUCON2bits = 0x35e
                    0x035e                  CTMUCON2L = 0x35e
                    0x035e                  _CTMUCON2L = 0x35e
                    0x035e                  _CTMUCON2Lbits = 0x35e
                    0x0360                  AD1CTMENH = 0x360
                    0x0360                  _AD1CTMENH = 0x360
                    0x0360                  _AD1CTMENHbits = 0x360
                    0x0362                  AD1CTMENL = 0x362
                    0x0362                  _AD1CTMENL = 0x362
                    0x0362                  _AD1CTMENLbits = 0x362
                    0x04e0                  ANSA = 0x4e0
                    0x04e0                  _ANSA = 0x4e0
                    0x04e0                  _ANSAbits = 0x4e0
                    0x04e2                  ANSB = 0x4e2
                    0x04e2                  _ANSB = 0x4e2
                    0x04e2                  _ANSBbits = 0x4e2
                    0x0620                  ALRMVAL = 0x620
                    0x0620                  _ALRMVAL = 0x620
                    0x0622                  ALCFGRPT = 0x622
                    0x0622                  _ALCFGRPT = 0x622
                    0x0622                  _ALCFGRPTbits = 0x622
                    0x0624                  RTCVAL = 0x624
                    0x0624                  _RTCVAL = 0x624
                    0x0626                  RCFGCAL = 0x626
                    0x0626                  _RCFGCAL = 0x626
                    0x0626                  _RCFGCALbits = 0x626
                    0x0628                  RTCPWC = 0x628
                    0x0628                  _RTCPWC = 0x628
                    0x0628                  _RTCPWCbits = 0x628
                    0x0630                  CMSTAT = 0x630
                    0x0630                  _CMSTAT = 0x630
                    0x0630                  _CMSTATbits = 0x630
                    0x0632                  CVRCON = 0x632
                    0x0632                  _CVRCON = 0x632
                    0x0632                  _CVRCONbits = 0x632
                    0x0634                  CM1CON = 0x634
                    0x0634                  _CM1CON = 0x634
                    0x0634                  _CM1CONbits = 0x634
                    0x0636                  CM2CON = 0x636
                    0x0636                  _CM2CON = 0x636
                    0x0636                  _CM2CONbits = 0x636
                    0x0638                  CM3CON = 0x638
                    0x0638                  _CM3CON = 0x638
                    0x0638                  _CM3CONbits = 0x638
                    0x0670                  BUFCON0 = 0x670
                    0x0670                  _BUFCON0 = 0x670
                    0x0670                  _BUFCON0bits = 0x670
                    0x0740                  RCON = 0x740
                    0x0740                  _RCON = 0x740
                    0x0740                  _RCONbits = 0x740
                    0x0742                  OSCCON = 0x742
                    0x0742                  _OSCCON = 0x742
                    0x0742                  _OSCCONbits = 0x742
                    0x0742                  OSCCONL = 0x742
                    0x0742                  _OSCCONL = 0x742
                    0x0743                  OSCCONH = 0x743
                    0x0743                  _OSCCONH = 0x743
                    0x0744                  CLKDIV = 0x744
                    0x0744                  _CLKDIV = 0x744
                    0x0744                  _CLKDIVbits = 0x744
                    0x0748                  OSCTUN = 0x748
                    0x0748                  _OSCTUN = 0x748
                    0x0748                  _OSCTUNbits = 0x748
                    0x074e                  REFOCON = 0x74e
                    0x074e                  _REFOCON = 0x74e
                    0x074e                  _REFOCONbits = 0x74e
                    0x0756                  HLVDCON = 0x756
                    0x0756                  _HLVDCON = 0x756
                    0x0756                  _HLVDCONbits = 0x756
                    0x0760                  NVMCON = 0x760
                    0x0760                  _NVMCON = 0x760
                    0x0760                  _NVMCONbits = 0x760
                    0x0766                  NVMKEY = 0x766
                    0x0766                  _NVMKEY = 0x766
                    0x0766                  _NVMKEYbits = 0x766
                    0x0768                  ULPWCON = 0x768
                    0x0768                  _ULPWCON = 0x768
                    0x0768                  _ULPWCONbits = 0x768
                    0x0770                  PMD1 = 0x770
                    0x0770                  _PMD1 = 0x770
                    0x0770                  _PMD1bits = 0x770
                    0x0772                  PMD2 = 0x772
                    0x0772                  _PMD2 = 0x772
                    0x0772                  _PMD2bits = 0x772
                    0x0774                  PMD3 = 0x774
                    0x0774                  _PMD3 = 0x774
                    0x0774                  _PMD3bits = 0x774
                    0x0776                  PMD4 = 0x776
                    0x0776                  _PMD4 = 0x776
                    0x0776                  _PMD4bits = 0x776
                    0x077a                  PMD6 = 0x77a
                    0x077a                  _PMD6 = 0x77a
                    0x077a                  _PMD6bits = 0x77a
                    0x077e                  PMD8 = 0x77e
                    0x077e                  _PMD8 = 0x77e
                    0x077e                  _PMD8bits = 0x77e
                    0x0220                  UART1 = 0x220
                    0x0220                  _UART1 = 0x220
                    0x0230                  UART2 = 0x230
                    0x0230                  _UART2 = 0x230
START GROUP
LOAD /Applications/microchip/xc16/v1.26/bin/bin/../../lib/libpic30-elf.a
LOAD /Applications/microchip/xc16/v1.26/bin/bin/../../lib/libm-elf.a
LOAD /Applications/microchip/xc16/v1.26/bin/bin/../../lib/libc-elf.a
END GROUP
OUTPUT(dist/XC16_24FJ256GA110/debug/Projet_M1.debug.elf elf32-pic30)
LOAD FGS
LOAD FBS
LOAD data_init
LOAD shared_data_init

.debug_pubtypes
                  0x0000a8        0x32f
 .debug_pubtypes
                  0x0000a8         0x12 build/XC16_24FJ256GA110/debug/configuration_bits.o
 .debug_pubtypes
                  0x0000ba         0x12 build/XC16_24FJ256GA110/debug/interrupts.o
 .debug_pubtypes
                  0x0000cc         0x12 build/XC16_24FJ256GA110/debug/main.o
 .debug_pubtypes
                  0x0000de         0x12 build/XC16_24FJ256GA110/debug/system.o
 .debug_pubtypes
                  0x0000f0         0x35 build/XC16_24FJ256GA110/debug/traps.o
 .debug_pubtypes
                  0x000125        0x16a build/XC16_24FJ256GA110/debug/user.o
 .debug_pubtypes
                  0x00028f         0x7d build/XC16_24FJ256GA110/debug/motorControl.o
 .debug_pubtypes
                  0x00030c         0x4c build/XC16_24FJ256GA110/debug/lcd.o
 .debug_pubtypes
                  0x000358         0x7f build/XC16_24FJ256GA110/debug/i2c.o

__c30_signature
                  0x0003d7        0x132
 __c30_signature
                  0x0003d7          0x6 build/XC16_24FJ256GA110/debug/configuration_bits.o
 __c30_signature
                  0x0003dd          0x6 build/XC16_24FJ256GA110/debug/interrupts.o
 __c30_signature
                  0x0003e3          0x6 build/XC16_24FJ256GA110/debug/main.o
 __c30_signature
                  0x0003e9          0x6 build/XC16_24FJ256GA110/debug/system.o
 __c30_signature
                  0x0003ef          0x6 build/XC16_24FJ256GA110/debug/traps.o
 __c30_signature
                  0x0003f5          0x6 build/XC16_24FJ256GA110/debug/user.o
 __c30_signature
                  0x0003fb          0x6 build/XC16_24FJ256GA110/debug/motorControl.o
 __c30_signature
                  0x000401          0x6 build/XC16_24FJ256GA110/debug/lcd.o
 __c30_signature
                  0x000407          0x6 build/XC16_24FJ256GA110/debug/i2c.o
 __c30_signature
                  0x00040d          0x6 /Applications/microchip/xc16/v1.26/bin/bin/../../lib/libpic30-elf.a(crt0_standard.o)
 __c30_signature
                  0x000413          0x6 /Applications/microchip/xc16/v1.26/bin/bin/../../lib/libpic30-elf.a(data_init_standard.o)
 __c30_signature
                  0x000419          0x6 /Applications/microchip/xc16/v1.26/bin/bin/../../lib/libpic30-elf.a(delay32.eo)
 __c30_signature
                  0x00041f          0x6 /Applications/microchip/xc16/v1.26/bin/bin/../../lib/libm-elf.a(divsf3.eo)
 __c30_signature
                  0x000425          0x6 /Applications/microchip/xc16/v1.26/bin/bin/../../lib/libm-elf.a(floatunsisf.eo)
 __c30_signature
                  0x00042b          0x6 /Applications/microchip/xc16/v1.26/bin/bin/../../lib/libm-elf.a(fpack.eo)
 __c30_signature
                  0x000431          0x6 /Applications/microchip/xc16/v1.26/bin/bin/../../lib/libm-elf.a(funpack2.eo)
 __c30_signature
                  0x000437          0x6 /Applications/microchip/xc16/v1.26/bin/bin/../../lib/libm-elf.a(futil.eo)
 __c30_signature
                  0x00043d          0x6 /Applications/microchip/xc16/v1.26/bin/bin/../../lib/libm-elf.a(mulsf3.eo)
 __c30_signature
                  0x000443          0x6 /Applications/microchip/xc16/v1.26/bin/bin/../../lib/libm-elf.a(floatundisf.eo)
 __c30_signature
                  0x000449          0x6 /Applications/microchip/xc16/v1.26/bin/bin/../../lib/libm-elf.a(funpack.eo)
 __c30_signature
                  0x00044f          0x6 /Applications/microchip/xc16/v1.26/bin/bin/../../lib/libc-elf.a(memset.eo)
 __c30_signature
                  0x000455          0x6 /Applications/microchip/xc16/v1.26/bin/bin/../../lib/libc-elf.a(sprintf_fF.XXeo)
 __c30_signature
                  0x00045b          0x6 /Applications/microchip/xc16/v1.26/bin/bin/../../lib/libc-elf.a(doprnt_fF.XXeo)
 __c30_signature
                  0x000461          0x6 /Applications/microchip/xc16/v1.26/bin/bin/../../lib/libc-elf.a(fputc.eo)
 __c30_signature
                  0x000467          0x6 /Applications/microchip/xc16/v1.26/bin/bin/../../lib/libc-elf.a(powers.eo)
 __c30_signature
                  0x00046d          0x6 /Applications/microchip/xc16/v1.26/bin/bin/../../lib/libc-elf.a(_iob.eo)
 __c30_signature
                  0x000473          0x6 /Applications/microchip/xc16/v1.26/bin/bin/../../lib/libc-elf.a(flsbuf.eo)
 __c30_signature
                  0x000479          0x6 /Applications/microchip/xc16/v1.26/bin/bin/../../lib/libpic30-elf.a(write.eo)
 __c30_signature
                  0x00047f          0x6 /Applications/microchip/xc16/v1.26/bin/bin/../../lib/libpic30-elf.a(c30_uart.eo)
 __c30_signature
                  0x000485          0x6 /Applications/microchip/xc16/v1.26/bin/bin/../../lib/libm-elf.a(adddf3.eo)
 __c30_signature
                  0x00048b          0x6 /Applications/microchip/xc16/v1.26/bin/bin/../../lib/libm-elf.a(deqltle.eo)
 __c30_signature
                  0x000491          0x6 /Applications/microchip/xc16/v1.26/bin/bin/../../lib/libm-elf.a(dgtge.eo)
 __c30_signature
                  0x000497          0x6 /Applications/microchip/xc16/v1.26/bin/bin/../../lib/libm-elf.a(divdf3.eo)
 __c30_signature
                  0x00049d          0x6 /Applications/microchip/xc16/v1.26/bin/bin/../../lib/libm-elf.a(dne.eo)
 __c30_signature
                  0x0004a3          0x6 /Applications/microchip/xc16/v1.26/bin/bin/../../lib/libm-elf.a(dpack.eo)
 __c30_signature
                  0x0004a9          0x6 /Applications/microchip/xc16/v1.26/bin/bin/../../lib/libm-elf.a(dunpack2.eo)
 __c30_signature
                  0x0004af          0x6 /Applications/microchip/xc16/v1.26/bin/bin/../../lib/libm-elf.a(extendsfdf.eo)
 __c30_signature
                  0x0004b5          0x6 /Applications/microchip/xc16/v1.26/bin/bin/../../lib/libm-elf.a(fixunsdfdi.eo)
 __c30_signature
                  0x0004bb          0x6 /Applications/microchip/xc16/v1.26/bin/bin/../../lib/libm-elf.a(floatundidf.eo)
 __c30_signature
                  0x0004c1          0x6 /Applications/microchip/xc16/v1.26/bin/bin/../../lib/libm-elf.a(frexp.eo)
 __c30_signature
                  0x0004c7          0x6 /Applications/microchip/xc16/v1.26/bin/bin/../../lib/libm-elf.a(muldf3.eo)
 __c30_signature
                  0x0004cd          0x6 /Applications/microchip/xc16/v1.26/bin/bin/../../lib/libm-elf.a(subdf3.eo)
 __c30_signature
                  0x0004d3          0x6 /Applications/microchip/xc16/v1.26/bin/bin/../../lib/libm-elf.a(udivsi3.eo)
 __c30_signature
                  0x0004d9          0x6 /Applications/microchip/xc16/v1.26/bin/bin/../../lib/libm-elf.a(mulsi3.eo)
 __c30_signature
                  0x0004df          0x6 /Applications/microchip/xc16/v1.26/bin/bin/../../lib/libm-elf.a(divmoddi3.eo)
 __c30_signature
                  0x0004e5          0x6 /Applications/microchip/xc16/v1.26/bin/bin/../../lib/libm-elf.a(muldi3.eo)
 __c30_signature
                  0x0004eb          0x6 /Applications/microchip/xc16/v1.26/bin/bin/../../lib/libm-elf.a(dcompare.eo)
 __c30_signature
                  0x0004f1          0x6 /Applications/microchip/xc16/v1.26/bin/bin/../../lib/libm-elf.a(dpropagateNaN.eo)
 __c30_signature
                  0x0004f7          0x6 /Applications/microchip/xc16/v1.26/bin/bin/../../lib/libm-elf.a(dtype.eo)
 __c30_signature
                  0x0004fd          0x6 /Applications/microchip/xc16/v1.26/bin/bin/../../lib/libm-elf.a(dunpack.eo)
 __c30_signature
                  0x000503          0x6 /Applications/microchip/xc16/v1.26/bin/bin/../../lib/libm-elf.a(umuldi3.eo)

.nbss               0x0800          0x2
 .nbss              0x0800          0x2 build/XC16_24FJ256GA110/debug/user.o

.data               0x0802        0x23e
 .data              0x0802        0x160 /Applications/microchip/xc16/v1.26/bin/bin/../../lib/libc-elf.a(powers.eo)
                    0x0802                  __powers_
                    0x08b2                  __npowers_
 .data              0x0962         0xb8 /Applications/microchip/xc16/v1.26/bin/bin/../../lib/libc-elf.a(doprnt_fF.XXeo)
 .data              0x0a1a         0x26 /Applications/microchip/xc16/v1.26/bin/bin/../../lib/libc-elf.a(_iob.eo)
                    0x0a1a                  __iob
                    0x0a3e                  __Files

.bss                0x0a40          0x6
 .bss               0x0a40          0x6 /Applications/microchip/xc16/v1.26/bin/bin/../../lib/libc-elf.a(_iob.eo)
                    0x0a40                  __outdone
                    0x0a41                  __sibuf
                    0x0a43                  __sobuf

.data               0x0a46          0x2
 .data              0x0a46          0x2 /Applications/microchip/xc16/v1.26/bin/bin/../../lib/libpic30-elf.a(c30_uart.eo)
                    0x0a46                  ___C30_UART

.config_ICS       0xf8000e          0x2
 .config_ICS      0xf8000e          0x2 build/XC16_24FJ256GA110/debug/configuration_bits.o

.config_MCLRE     0xf8000c          0x2
 .config_MCLRE    0xf8000c          0x2 build/XC16_24FJ256GA110/debug/configuration_bits.o

.config_WINDIS    0xf8000a          0x2
 .config_WINDIS
                  0xf8000a          0x2 build/XC16_24FJ256GA110/debug/configuration_bits.o

.config_FCKSM     0xf80008          0x2
 .config_FCKSM    0xf80008          0x2 build/XC16_24FJ256GA110/debug/configuration_bits.o

.config_IESO      0xf80006          0x2
 .config_IESO     0xf80006          0x2 build/XC16_24FJ256GA110/debug/configuration_bits.o

.ivt._OscillatorFail
                  0x000006          0x2
 .ivt._OscillatorFail
                  0x000006          0x2 build/XC16_24FJ256GA110/debug/traps.o

.ivt._AddressError
                  0x000008          0x2
 .ivt._AddressError
                  0x000008          0x2 build/XC16_24FJ256GA110/debug/traps.o

.ivt._StackError
                  0x00000a          0x2
 .ivt._StackError
                  0x00000a          0x2 build/XC16_24FJ256GA110/debug/traps.o

.ivt._MathError
                  0x00000c          0x2
 .ivt._MathError
                  0x00000c          0x2 build/XC16_24FJ256GA110/debug/traps.o

.const              0x9a08         0x20 load address 0x001a08  
 .const             0x9a08         0x1a build/XC16_24FJ256GA110/debug/main.o
 .const             0x9a22          0x6 build/XC16_24FJ256GA110/debug/user.o

.text             0x001a28        0x406
 .text            0x001a28        0x218 build/XC16_24FJ256GA110/debug/user.o
                  0x001a28                  _InitGPIO
                  0x001a62                  _InitADC
                  0x001a72                  _ObjectDetection
                  0x001ae8                  _StartADC
                  0x001bba                  _DisplayADCIR
                  0x001bea                  _InitPWM
 .text            0x001c40        0x1ee build/XC16_24FJ256GA110/debug/lcd.o
                  0x001c40                  _LcdInit
                  0x001c96                  _LcdWriteCtrl
                  0x001d22                  _LcdWriteData
                  0x001dae                  _LcdClear
                  0x001dbe                  _LcdPuts
                  0x001de8                  _LcdPutch
                  0x001df4                  _LcdGoto
                  0x001e16                  _LcdOnOff

.dinit            0x001e2e        0x1aa
 .dinit           0x001e2e        0x1aa data_init

.text             0x001fd8        0x11a
 .text            0x001fd8         0x88 build/XC16_24FJ256GA110/debug/main.o
                  0x001fd8                  _main
 .text            0x002060         0x6c build/XC16_24FJ256GA110/debug/motorControl.o
                  0x002060                  _MoveForward
                  0x002096                  _MoveBackward
 .text            0x0020cc         0x26 build/XC16_24FJ256GA110/debug/i2c.o
                  0x0020cc                  _I2cStart
                  0x0020d4                  _I2cStop
                  0x0020da                  _I2cInit

.init.delay32     0x0020f2         0x1c
 .init.delay32    0x0020f2         0x1c /Applications/microchip/xc16/v1.26/bin/bin/../../lib/libpic30-elf.a(delay32.eo)
                  0x0020f2                  ___delay32

.text             0x00210e          0x6
 .text            0x00210e          0x6 build/XC16_24FJ256GA110/debug/system.o
                  0x00210e                  _ConfigureOscillator

.shared.dinit     0x002114          0x2
 .shared.dinit    0x002114          0x2 shared_data_init
